// Jest Snapshot v1, https://goo.gl/fbAQLP

exports[`Autocomplete Should match the snapshot 1`] = `
<Fragment>
  <input
    onChange={[Function]}
    onKeyDown={[Function]}
    placeholder="Choose your state"
    type="text"
    value=""
  />
</Fragment>
`;
