// Jest Snapshot v1, https://goo.gl/fbAQLP

exports[`Beer Should match the snapshot 1`] = `
<div>
  <ul
    className="beer-list"
  >
    <li
      className="beer-list-item"
      onClick={[Function]}
    >
      <Component />
    </li>
  </ul>
</div>
`;
